INFO - 2026-01-31 16:32:45 - main.py - main - <module> - 13 : === 测试运行开始 ===
INFO - 2026-01-31 16:32:45 - main.py - main - <module> - 23 : 报告保存路径: D:\Project\Python\UIFrameworkMK2\reports\20260131_163245_196_report.html
INFO - 2026-01-31 16:32:45 - main.py - main - <module> - 46 : 发现测试套件: 1 个用例
INFO - 2026-01-31 16:32:45 - main.py - main - <module> - 63 : ✓ 测试执行完成，报告已生成
INFO - 2026-01-31 16:32:45 - main.py - main - <module> - 64 : ▶ 报告路径: D:\Project\Python\UIFrameworkMK2\reports\20260131_163245_196_report.html
INFO - 2026-01-31 16:32:45 - main.py - main - <module> - 71 : === 测试运行结束 ===
INFO - 2026-01-31 16:38:25 - main.py - main - <module> - 13 : === 测试运行开始 ===
INFO - 2026-01-31 16:38:25 - main.py - main - <module> - 23 : 报告保存路径: D:\Project\Python\UIFrameworkMK2\reports\20260131_163825_908_report.html
INFO - 2026-01-31 16:38:26 - main.py - main - <module> - 46 : 发现测试套件: 1 个用例
INFO - 2026-01-31 16:38:51 - main.py - main - <module> - 63 : ✓ 测试执行完成，报告已生成
INFO - 2026-01-31 16:38:51 - main.py - main - <module> - 64 : ▶ 报告路径: D:\Project\Python\UIFrameworkMK2\reports\20260131_163825_908_report.html
INFO - 2026-01-31 16:38:51 - main.py - main - <module> - 71 : === 测试运行结束 ===
INFO - 2026-01-31 16:39:41 - main.py - main - <module> - 13 : === 测试运行开始 ===
INFO - 2026-01-31 16:39:41 - main.py - main - <module> - 23 : 报告保存路径: D:\Project\Python\UIFrameworkMK2\reports\20260131_163941_131_report.html
INFO - 2026-01-31 16:39:41 - main.py - main - <module> - 46 : 发现测试套件: 1 个用例
INFO - 2026-01-31 16:40:06 - main.py - main - <module> - 63 : ✓ 测试执行完成，报告已生成
INFO - 2026-01-31 16:40:06 - main.py - main - <module> - 64 : ▶ 报告路径: D:\Project\Python\UIFrameworkMK2\reports\20260131_163941_131_report.html
INFO - 2026-01-31 16:40:06 - main.py - main - <module> - 71 : === 测试运行结束 ===
INFO - 2026-01-31 17:20:46 - main.py - main - <module> - 13 : === 测试运行开始 ===
INFO - 2026-01-31 17:20:46 - main.py - main - <module> - 23 : 报告保存路径: D:\Project\Python\UIFrameworkMK2\reports\20260131_172046_319_report.html
INFO - 2026-01-31 17:20:46 - main.py - main - <module> - 46 : 发现测试套件: 1 个用例
INFO - 2026-01-31 17:20:57 - main.py - main - <module> - 63 : ✓ 测试执行完成，报告已生成
INFO - 2026-01-31 17:20:57 - main.py - main - <module> - 64 : ▶ 报告路径: D:\Project\Python\UIFrameworkMK2\reports\20260131_172046_319_report.html
INFO - 2026-01-31 17:20:57 - main.py - main - <module> - 71 : === 测试运行结束 ===
INFO - 2026-01-31 17:21:05 - main.py - main - <module> - 13 : === 测试运行开始 ===
INFO - 2026-01-31 17:21:05 - main.py - main - <module> - 23 : 报告保存路径: D:\Project\Python\UIFrameworkMK2\reports\20260131_172105_004_report.html
INFO - 2026-01-31 17:21:05 - main.py - main - <module> - 46 : 发现测试套件: 1 个用例
INFO - 2026-01-31 17:21:24 - main.py - main - <module> - 63 : ✓ 测试执行完成，报告已生成
INFO - 2026-01-31 17:21:24 - main.py - main - <module> - 64 : ▶ 报告路径: D:\Project\Python\UIFrameworkMK2\reports\20260131_172105_004_report.html
INFO - 2026-01-31 17:21:24 - main.py - main - <module> - 71 : === 测试运行结束 ===
INFO - 2026-01-31 17:21:47 - main.py - main - <module> - 13 : === 测试运行开始 ===
INFO - 2026-01-31 17:21:47 - main.py - main - <module> - 23 : 报告保存路径: D:\Project\Python\UIFrameworkMK2\reports\20260131_172147_047_report.html
INFO - 2026-01-31 17:21:47 - main.py - main - <module> - 46 : 发现测试套件: 1 个用例
INFO - 2026-01-31 17:22:11 - main.py - main - <module> - 63 : ✓ 测试执行完成，报告已生成
INFO - 2026-01-31 17:22:11 - main.py - main - <module> - 64 : ▶ 报告路径: D:\Project\Python\UIFrameworkMK2\reports\20260131_172147_047_report.html
INFO - 2026-01-31 17:22:11 - main.py - main - <module> - 71 : === 测试运行结束 ===
INFO - 2026-01-31 17:46:45 - main.py - main - <module> - 13 : === 测试运行开始 ===
INFO - 2026-01-31 17:46:45 - main.py - main - <module> - 23 : 报告保存路径: D:\Project\Python\UIFrameworkMK2\reports\20260131_174645_672_report.html
INFO - 2026-01-31 17:46:46 - main.py - main - <module> - 46 : 发现测试套件: 1 个用例
INFO - 2026-01-31 17:46:54 - main.py - main - <module> - 63 : ✓ 测试执行完成，报告已生成
INFO - 2026-01-31 17:46:54 - main.py - main - <module> - 64 : ▶ 报告路径: D:\Project\Python\UIFrameworkMK2\reports\20260131_174645_672_report.html
INFO - 2026-01-31 17:46:54 - main.py - main - <module> - 71 : === 测试运行结束 ===
